.next/types/validator.ts(24,44): error TS2344: Type 'Route' does not satisfy the constraint 'never'.
  Type '"/"' is not assignable to type 'never'.
.next/types/validator.ts(24,75): error TS2344: Type 'Route' does not satisfy the constraint 'never'.
  Type '"/"' is not assignable to type 'never'.
lib/auth.server.ts(2,23): error TS2307: Cannot find module '@/lib/auth' or its corresponding type declarations.
lib/auth.server.ts(10,33): error TS2339: Property 'get' does not exist on type 'Promise<ReadonlyRequestCookies>'.
lib/auth.server.ts(21,19): error TS2339: Property 'set' does not exist on type 'Promise<ReadonlyRequestCookies>'.
lib/auth.server.ts(29,19): error TS2339: Property 'set' does not exist on type 'Promise<ReadonlyRequestCookies>'.
lib/services/mediaService.ts(2,30): error TS2307: Cannot find module '@aws-sdk/s3-request-presigner' or its corresponding type declarations.
src/app/admin/layout.tsx(4,33): error TS2307: Cannot find module '@/lib/auth.server' or its corresponding type declarations.
src/app/admin/stories/page.tsx(17,23): error TS2307: Cannot find module '@/components/ui/badge' or its corresponding type declarations.
src/app/api/admin/auth/login/route.ts(2,23): error TS2307: Cannot find module '@/lib/auth' or its corresponding type declarations.
src/app/api/admin/auth/login/route.ts(3,20): error TS2307: Cannot find module '@/lib/db' or its corresponding type declarations.
src/app/api/admin/me/route.ts(2,33): error TS2307: Cannot find module '@/lib/auth.server' or its corresponding type declarations.
src/app/api/admin/stories/route.ts(2,33): error TS2307: Cannot find module '@/lib/auth.server' or its corresponding type declarations.
src/app/api/admin/stories/route.ts(3,20): error TS2307: Cannot find module '@/lib/db' or its corresponding type declarations.
src/app/api/admin/upload/route.ts(2,33): error TS2307: Cannot find module '@/lib/auth.server' or its corresponding type declarations.
src/app/api/admin/upload/route.ts(3,36): error TS2307: Cannot find module '@/lib/services/mediaService' or its corresponding type declarations.
src/app/api/categories/route.ts(2,31): error TS2307: Cannot find module '@/lib/services/storyService' or its corresponding type declarations.
src/app/api/stories/[slug/]/route.ts(2,32): error TS2307: Cannot find module '@/lib/services/storyService' or its corresponding type declarations.
src/app/api/stories/route.ts(2,34): error TS2307: Cannot find module '@/lib/services/storyService' or its corresponding type declarations.
src/app/stories/[slug/]/page.tsx(110,45): error TS2339: Property 'url' does not exist on type 'never'.
src/components/admin/forms/StoryEditorForm.tsx(57,5): error TS2322: Type 'Resolver<{ title: string; categoryId: string; ageRangeMin: unknown; ageRangeMax: unknown; description?: string | undefined; isFeatured?: boolean | undefined; status?: "DRAFT" | "PUBLISHED" | "ARCHIVED" | undefined; }, any, { ...; }>' is not assignable to type 'Resolver<{ title: string; categoryId: string; isFeatured: boolean; ageRangeMin: number; ageRangeMax: number; status: "DRAFT" | "PUBLISHED" | "ARCHIVED"; description?: string | undefined; }, any, { ...; }>'.
  Types of parameters 'options' and 'options' are incompatible.
    Type 'ResolverOptions<{ title: string; categoryId: string; isFeatured: boolean; ageRangeMin: number; ageRangeMax: number; status: "DRAFT" | "PUBLISHED" | "ARCHIVED"; description?: string | undefined; }>' is not assignable to type 'ResolverOptions<{ title: string; categoryId: string; ageRangeMin: unknown; ageRangeMax: unknown; description?: string | undefined; isFeatured?: boolean | undefined; status?: "DRAFT" | "PUBLISHED" | "ARCHIVED" | undefined; }>'.
      Type 'boolean | undefined' is not assignable to type 'boolean'.
        Type 'undefined' is not assignable to type 'boolean'.
src/components/admin/forms/StoryEditorForm.tsx(125,41): error TS2345: Argument of type '(values: { title: string; categoryId: string; isFeatured: boolean; ageRangeMin: number; ageRangeMax: number; status: "DRAFT" | "PUBLISHED" | "ARCHIVED"; description?: string | undefined; }) => Promise<...>' is not assignable to parameter of type 'SubmitHandler<TFieldValues>'.
  Types of parameters 'values' and 'data' are incompatible.
    Type 'TFieldValues' is not assignable to type '{ title: string; categoryId: string; isFeatured: boolean; ageRangeMin: number; ageRangeMax: number; status: "DRAFT" | "PUBLISHED" | "ARCHIVED"; description?: string | undefined; }'.
      Type 'FieldValues' is missing the following properties from type '{ title: string; categoryId: string; isFeatured: boolean; ageRangeMin: number; ageRangeMax: number; status: "DRAFT" | "PUBLISHED" | "ARCHIVED"; description?: string | undefined; }': title, categoryId, isFeatured, ageRangeMin, and 2 more.
src/components/admin/forms/StoryEditorForm.tsx(132,19): error TS2322: Type 'Control<{ title: string; categoryId: string; isFeatured: boolean; ageRangeMin: number; ageRangeMax: number; status: "DRAFT" | "PUBLISHED" | "ARCHIVED"; description?: string | undefined; }, any, TFieldValues>' is not assignable to type 'Control<{ title: string; categoryId: string; isFeatured: boolean; ageRangeMin: number; ageRangeMax: number; status: "DRAFT" | "PUBLISHED" | "ARCHIVED"; description?: string | undefined; }, any, { ...; }>'.
  The types of '_options.resolver' are incompatible between these types.
    Type 'Resolver<{ title: string; categoryId: string; isFeatured: boolean; ageRangeMin: number; ageRangeMax: number; status: "DRAFT" | "PUBLISHED" | "ARCHIVED"; description?: string | undefined; }, any, TFieldValues> | undefined' is not assignable to type 'Resolver<{ title: string; categoryId: string; isFeatured: boolean; ageRangeMin: number; ageRangeMax: number; status: "DRAFT" | "PUBLISHED" | "ARCHIVED"; description?: string | undefined; }, any, { ...; }> | undefined'.
      Type 'Resolver<{ title: string; categoryId: string; isFeatured: boolean; ageRangeMin: number; ageRangeMax: number; status: "DRAFT" | "PUBLISHED" | "ARCHIVED"; description?: string | undefined; }, any, TFieldValues>' is not assignable to type 'Resolver<{ title: string; categoryId: string; isFeatured: boolean; ageRangeMin: number; ageRangeMax: number; status: "DRAFT" | "PUBLISHED" | "ARCHIVED"; description?: string | undefined; }, any, { ...; }>'.
        Type 'ResolverResult<{ title: string; categoryId: string; isFeatured: boolean; ageRangeMin: number; ageRangeMax: number; status: "DRAFT" | "PUBLISHED" | "ARCHIVED"; description?: string | undefined; }, TFieldValues> | Promise<...>' is not assignable to type 'ResolverResult<{ title: string; categoryId: string; isFeatured: boolean; ageRangeMin: number; ageRangeMax: number; status: "DRAFT" | "PUBLISHED" | "ARCHIVED"; description?: string | undefined; }, { ...; }> | Promise<...>'.
          Type 'ResolverSuccess<TFieldValues>' is not assignable to type 'ResolverResult<{ title: string; categoryId: string; isFeatured: boolean; ageRangeMin: number; ageRangeMax: number; status: "DRAFT" | "PUBLISHED" | "ARCHIVED"; description?: string | undefined; }, { ...; }> | Promise<...>'.
            Type 'ResolverSuccess<TFieldValues>' is not assignable to type 'ResolverSuccess<{ title: string; categoryId: string; isFeatured: boolean; ageRangeMin: number; ageRangeMax: number; status: "DRAFT" | "PUBLISHED" | "ARCHIVED"; description?: string | undefined; }>'.
              Type 'TFieldValues' is not assignable to type '{ title: string; categoryId: string; isFeatured: boolean; ageRangeMin: number; ageRangeMax: number; status: "DRAFT" | "PUBLISHED" | "ARCHIVED"; description?: string | undefined; }'.
                Type 'FieldValues' is missing the following properties from type '{ title: string; categoryId: string; isFeatured: boolean; ageRangeMin: number; ageRangeMax: number; status: "DRAFT" | "PUBLISHED" | "ARCHIVED"; description?: string | undefined; }': title, categoryId, isFeatured, ageRangeMin, and 2 more.
src/components/admin/forms/StoryEditorForm.tsx(149,19): error TS2322: Type 'Control<{ title: string; categoryId: string; isFeatured: boolean; ageRangeMin: number; ageRangeMax: number; status: "DRAFT" | "PUBLISHED" | "ARCHIVED"; description?: string | undefined; }, any, TFieldValues>' is not assignable to type 'Control<{ title: string; categoryId: string; isFeatured: boolean; ageRangeMin: number; ageRangeMax: number; status: "DRAFT" | "PUBLISHED" | "ARCHIVED"; description?: string | undefined; }, any, { ...; }>'.
  The types of '_options.resolver' are incompatible between these types.
    Type 'Resolver<{ title: string; categoryId: string; isFeatured: boolean; ageRangeMin: number; ageRangeMax: number; status: "DRAFT" | "PUBLISHED" | "ARCHIVED"; description?: string | undefined; }, any, TFieldValues> | undefined' is not assignable to type 'Resolver<{ title: string; categoryId: string; isFeatured: boolean; ageRangeMin: number; ageRangeMax: number; status: "DRAFT" | "PUBLISHED" | "ARCHIVED"; description?: string | undefined; }, any, { ...; }> | undefined'.
      Type 'Resolver<{ title: string; categoryId: string; isFeatured: boolean; ageRangeMin: number; ageRangeMax: number; status: "DRAFT" | "PUBLISHED" | "ARCHIVED"; description?: string | undefined; }, any, TFieldValues>' is not assignable to type 'Resolver<{ title: string; categoryId: string; isFeatured: boolean; ageRangeMin: number; ageRangeMax: number; status: "DRAFT" | "PUBLISHED" | "ARCHIVED"; description?: string | undefined; }, any, { ...; }>'.
        Type 'ResolverResult<{ title: string; categoryId: string; isFeatured: boolean; ageRangeMin: number; ageRangeMax: number; status: "DRAFT" | "PUBLISHED" | "ARCHIVED"; description?: string | undefined; }, TFieldValues> | Promise<...>' is not assignable to type 'ResolverResult<{ title: string; categoryId: string; isFeatured: boolean; ageRangeMin: number; ageRangeMax: number; status: "DRAFT" | "PUBLISHED" | "ARCHIVED"; description?: string | undefined; }, { ...; }> | Promise<...>'.
          Type 'ResolverSuccess<TFieldValues>' is not assignable to type 'ResolverResult<{ title: string; categoryId: string; isFeatured: boolean; ageRangeMin: number; ageRangeMax: number; status: "DRAFT" | "PUBLISHED" | "ARCHIVED"; description?: string | undefined; }, { ...; }> | Promise<...>'.
            Type 'ResolverSuccess<TFieldValues>' is not assignable to type 'ResolverSuccess<{ title: string; categoryId: string; isFeatured: boolean; ageRangeMin: number; ageRangeMax: number; status: "DRAFT" | "PUBLISHED" | "ARCHIVED"; description?: string | undefined; }>'.
              Type 'TFieldValues' is not assignable to type '{ title: string; categoryId: string; isFeatured: boolean; ageRangeMin: number; ageRangeMax: number; status: "DRAFT" | "PUBLISHED" | "ARCHIVED"; description?: string | undefined; }'.
                Type 'FieldValues' is missing the following properties from type '{ title: string; categoryId: string; isFeatured: boolean; ageRangeMin: number; ageRangeMax: number; status: "DRAFT" | "PUBLISHED" | "ARCHIVED"; description?: string | undefined; }': title, categoryId, isFeatured, ageRangeMin, and 2 more.
src/components/admin/forms/StoryEditorForm.tsx(229,19): error TS2322: Type 'Control<{ title: string; categoryId: string; isFeatured: boolean; ageRangeMin: number; ageRangeMax: number; status: "DRAFT" | "PUBLISHED" | "ARCHIVED"; description?: string | undefined; }, any, TFieldValues>' is not assignable to type 'Control<{ title: string; categoryId: string; isFeatured: boolean; ageRangeMin: number; ageRangeMax: number; status: "DRAFT" | "PUBLISHED" | "ARCHIVED"; description?: string | undefined; }, any, { ...; }>'.
  The types of '_options.resolver' are incompatible between these types.
    Type 'Resolver<{ title: string; categoryId: string; isFeatured: boolean; ageRangeMin: number; ageRangeMax: number; status: "DRAFT" | "PUBLISHED" | "ARCHIVED"; description?: string | undefined; }, any, TFieldValues> | undefined' is not assignable to type 'Resolver<{ title: string; categoryId: string; isFeatured: boolean; ageRangeMin: number; ageRangeMax: number; status: "DRAFT" | "PUBLISHED" | "ARCHIVED"; description?: string | undefined; }, any, { ...; }> | undefined'.
      Type 'Resolver<{ title: string; categoryId: string; isFeatured: boolean; ageRangeMin: number; ageRangeMax: number; status: "DRAFT" | "PUBLISHED" | "ARCHIVED"; description?: string | undefined; }, any, TFieldValues>' is not assignable to type 'Resolver<{ title: string; categoryId: string; isFeatured: boolean; ageRangeMin: number; ageRangeMax: number; status: "DRAFT" | "PUBLISHED" | "ARCHIVED"; description?: string | undefined; }, any, { ...; }>'.
        Type 'ResolverResult<{ title: string; categoryId: string; isFeatured: boolean; ageRangeMin: number; ageRangeMax: number; status: "DRAFT" | "PUBLISHED" | "ARCHIVED"; description?: string | undefined; }, TFieldValues> | Promise<...>' is not assignable to type 'ResolverResult<{ title: string; categoryId: string; isFeatured: boolean; ageRangeMin: number; ageRangeMax: number; status: "DRAFT" | "PUBLISHED" | "ARCHIVED"; description?: string | undefined; }, { ...; }> | Promise<...>'.
          Type 'ResolverSuccess<TFieldValues>' is not assignable to type 'ResolverResult<{ title: string; categoryId: string; isFeatured: boolean; ageRangeMin: number; ageRangeMax: number; status: "DRAFT" | "PUBLISHED" | "ARCHIVED"; description?: string | undefined; }, { ...; }> | Promise<...>'.
            Type 'ResolverSuccess<TFieldValues>' is not assignable to type 'ResolverSuccess<{ title: string; categoryId: string; isFeatured: boolean; ageRangeMin: number; ageRangeMax: number; status: "DRAFT" | "PUBLISHED" | "ARCHIVED"; description?: string | undefined; }>'.
              Type 'TFieldValues' is not assignable to type '{ title: string; categoryId: string; isFeatured: boolean; ageRangeMin: number; ageRangeMax: number; status: "DRAFT" | "PUBLISHED" | "ARCHIVED"; description?: string | undefined; }'.
                Type 'FieldValues' is missing the following properties from type '{ title: string; categoryId: string; isFeatured: boolean; ageRangeMin: number; ageRangeMax: number; status: "DRAFT" | "PUBLISHED" | "ARCHIVED"; description?: string | undefined; }': title, categoryId, isFeatured, ageRangeMin, and 2 more.
src/components/admin/forms/StoryEditorForm.tsx(255,19): error TS2322: Type 'Control<{ title: string; categoryId: string; isFeatured: boolean; ageRangeMin: number; ageRangeMax: number; status: "DRAFT" | "PUBLISHED" | "ARCHIVED"; description?: string | undefined; }, any, TFieldValues>' is not assignable to type 'Control<{ title: string; categoryId: string; isFeatured: boolean; ageRangeMin: number; ageRangeMax: number; status: "DRAFT" | "PUBLISHED" | "ARCHIVED"; description?: string | undefined; }, any, { ...; }>'.
  The types of '_options.resolver' are incompatible between these types.
    Type 'Resolver<{ title: string; categoryId: string; isFeatured: boolean; ageRangeMin: number; ageRangeMax: number; status: "DRAFT" | "PUBLISHED" | "ARCHIVED"; description?: string | undefined; }, any, TFieldValues> | undefined' is not assignable to type 'Resolver<{ title: string; categoryId: string; isFeatured: boolean; ageRangeMin: number; ageRangeMax: number; status: "DRAFT" | "PUBLISHED" | "ARCHIVED"; description?: string | undefined; }, any, { ...; }> | undefined'.
      Type 'Resolver<{ title: string; categoryId: string; isFeatured: boolean; ageRangeMin: number; ageRangeMax: number; status: "DRAFT" | "PUBLISHED" | "ARCHIVED"; description?: string | undefined; }, any, TFieldValues>' is not assignable to type 'Resolver<{ title: string; categoryId: string; isFeatured: boolean; ageRangeMin: number; ageRangeMax: number; status: "DRAFT" | "PUBLISHED" | "ARCHIVED"; description?: string | undefined; }, any, { ...; }>'.
        Type 'ResolverResult<{ title: string; categoryId: string; isFeatured: boolean; ageRangeMin: number; ageRangeMax: number; status: "DRAFT" | "PUBLISHED" | "ARCHIVED"; description?: string | undefined; }, TFieldValues> | Promise<...>' is not assignable to type 'ResolverResult<{ title: string; categoryId: string; isFeatured: boolean; ageRangeMin: number; ageRangeMax: number; status: "DRAFT" | "PUBLISHED" | "ARCHIVED"; description?: string | undefined; }, { ...; }> | Promise<...>'.
          Type 'ResolverSuccess<TFieldValues>' is not assignable to type 'ResolverResult<{ title: string; categoryId: string; isFeatured: boolean; ageRangeMin: number; ageRangeMax: number; status: "DRAFT" | "PUBLISHED" | "ARCHIVED"; description?: string | undefined; }, { ...; }> | Promise<...>'.
            Type 'ResolverSuccess<TFieldValues>' is not assignable to type 'ResolverSuccess<{ title: string; categoryId: string; isFeatured: boolean; ageRangeMin: number; ageRangeMax: number; status: "DRAFT" | "PUBLISHED" | "ARCHIVED"; description?: string | undefined; }>'.
              Type 'TFieldValues' is not assignable to type '{ title: string; categoryId: string; isFeatured: boolean; ageRangeMin: number; ageRangeMax: number; status: "DRAFT" | "PUBLISHED" | "ARCHIVED"; description?: string | undefined; }'.
                Type 'FieldValues' is missing the following properties from type '{ title: string; categoryId: string; isFeatured: boolean; ageRangeMin: number; ageRangeMax: number; status: "DRAFT" | "PUBLISHED" | "ARCHIVED"; description?: string | undefined; }': title, categoryId, isFeatured, ageRangeMin, and 2 more.
src/components/admin/forms/StoryEditorForm.tsx(280,19): error TS2322: Type 'Control<{ title: string; categoryId: string; isFeatured: boolean; ageRangeMin: number; ageRangeMax: number; status: "DRAFT" | "PUBLISHED" | "ARCHIVED"; description?: string | undefined; }, any, TFieldValues>' is not assignable to type 'Control<{ title: string; categoryId: string; isFeatured: boolean; ageRangeMin: number; ageRangeMax: number; status: "DRAFT" | "PUBLISHED" | "ARCHIVED"; description?: string | undefined; }, any, { ...; }>'.
  The types of '_options.resolver' are incompatible between these types.
    Type 'Resolver<{ title: string; categoryId: string; isFeatured: boolean; ageRangeMin: number; ageRangeMax: number; status: "DRAFT" | "PUBLISHED" | "ARCHIVED"; description?: string | undefined; }, any, TFieldValues> | undefined' is not assignable to type 'Resolver<{ title: string; categoryId: string; isFeatured: boolean; ageRangeMin: number; ageRangeMax: number; status: "DRAFT" | "PUBLISHED" | "ARCHIVED"; description?: string | undefined; }, any, { ...; }> | undefined'.
      Type 'Resolver<{ title: string; categoryId: string; isFeatured: boolean; ageRangeMin: number; ageRangeMax: number; status: "DRAFT" | "PUBLISHED" | "ARCHIVED"; description?: string | undefined; }, any, TFieldValues>' is not assignable to type 'Resolver<{ title: string; categoryId: string; isFeatured: boolean; ageRangeMin: number; ageRangeMax: number; status: "DRAFT" | "PUBLISHED" | "ARCHIVED"; description?: string | undefined; }, any, { ...; }>'.
        Type 'ResolverResult<{ title: string; categoryId: string; isFeatured: boolean; ageRangeMin: number; ageRangeMax: number; status: "DRAFT" | "PUBLISHED" | "ARCHIVED"; description?: string | undefined; }, TFieldValues> | Promise<...>' is not assignable to type 'ResolverResult<{ title: string; categoryId: string; isFeatured: boolean; ageRangeMin: number; ageRangeMax: number; status: "DRAFT" | "PUBLISHED" | "ARCHIVED"; description?: string | undefined; }, { ...; }> | Promise<...>'.
          Type 'ResolverSuccess<TFieldValues>' is not assignable to type 'ResolverResult<{ title: string; categoryId: string; isFeatured: boolean; ageRangeMin: number; ageRangeMax: number; status: "DRAFT" | "PUBLISHED" | "ARCHIVED"; description?: string | undefined; }, { ...; }> | Promise<...>'.
            Type 'ResolverSuccess<TFieldValues>' is not assignable to type 'ResolverSuccess<{ title: string; categoryId: string; isFeatured: boolean; ageRangeMin: number; ageRangeMax: number; status: "DRAFT" | "PUBLISHED" | "ARCHIVED"; description?: string | undefined; }>'.
              Type 'TFieldValues' is not assignable to type '{ title: string; categoryId: string; isFeatured: boolean; ageRangeMin: number; ageRangeMax: number; status: "DRAFT" | "PUBLISHED" | "ARCHIVED"; description?: string | undefined; }'.
                Type 'FieldValues' is missing the following properties from type '{ title: string; categoryId: string; isFeatured: boolean; ageRangeMin: number; ageRangeMax: number; status: "DRAFT" | "PUBLISHED" | "ARCHIVED"; description?: string | undefined; }': title, categoryId, isFeatured, ageRangeMin, and 2 more.
src/components/admin/forms/StoryEditorForm.tsx(309,21): error TS2322: Type 'Control<{ title: string; categoryId: string; isFeatured: boolean; ageRangeMin: number; ageRangeMax: number; status: "DRAFT" | "PUBLISHED" | "ARCHIVED"; description?: string | undefined; }, any, TFieldValues>' is not assignable to type 'Control<{ title: string; categoryId: string; isFeatured: boolean; ageRangeMin: number; ageRangeMax: number; status: "DRAFT" | "PUBLISHED" | "ARCHIVED"; description?: string | undefined; }, any, { ...; }>'.
  The types of '_options.resolver' are incompatible between these types.
    Type 'Resolver<{ title: string; categoryId: string; isFeatured: boolean; ageRangeMin: number; ageRangeMax: number; status: "DRAFT" | "PUBLISHED" | "ARCHIVED"; description?: string | undefined; }, any, TFieldValues> | undefined' is not assignable to type 'Resolver<{ title: string; categoryId: string; isFeatured: boolean; ageRangeMin: number; ageRangeMax: number; status: "DRAFT" | "PUBLISHED" | "ARCHIVED"; description?: string | undefined; }, any, { ...; }> | undefined'.
      Type 'Resolver<{ title: string; categoryId: string; isFeatured: boolean; ageRangeMin: number; ageRangeMax: number; status: "DRAFT" | "PUBLISHED" | "ARCHIVED"; description?: string | undefined; }, any, TFieldValues>' is not assignable to type 'Resolver<{ title: string; categoryId: string; isFeatured: boolean; ageRangeMin: number; ageRangeMax: number; status: "DRAFT" | "PUBLISHED" | "ARCHIVED"; description?: string | undefined; }, any, { ...; }>'.
        Type 'ResolverResult<{ title: string; categoryId: string; isFeatured: boolean; ageRangeMin: number; ageRangeMax: number; status: "DRAFT" | "PUBLISHED" | "ARCHIVED"; description?: string | undefined; }, TFieldValues> | Promise<...>' is not assignable to type 'ResolverResult<{ title: string; categoryId: string; isFeatured: boolean; ageRangeMin: number; ageRangeMax: number; status: "DRAFT" | "PUBLISHED" | "ARCHIVED"; description?: string | undefined; }, { ...; }> | Promise<...>'.
          Type 'ResolverSuccess<TFieldValues>' is not assignable to type 'ResolverResult<{ title: string; categoryId: string; isFeatured: boolean; ageRangeMin: number; ageRangeMax: number; status: "DRAFT" | "PUBLISHED" | "ARCHIVED"; description?: string | undefined; }, { ...; }> | Promise<...>'.
            Type 'ResolverSuccess<TFieldValues>' is not assignable to type 'ResolverSuccess<{ title: string; categoryId: string; isFeatured: boolean; ageRangeMin: number; ageRangeMax: number; status: "DRAFT" | "PUBLISHED" | "ARCHIVED"; description?: string | undefined; }>'.
              Type 'TFieldValues' is not assignable to type '{ title: string; categoryId: string; isFeatured: boolean; ageRangeMin: number; ageRangeMax: number; status: "DRAFT" | "PUBLISHED" | "ARCHIVED"; description?: string | undefined; }'.
                Type 'FieldValues' is missing the following properties from type '{ title: string; categoryId: string; isFeatured: boolean; ageRangeMin: number; ageRangeMax: number; status: "DRAFT" | "PUBLISHED" | "ARCHIVED"; description?: string | undefined; }': title, categoryId, isFeatured, ageRangeMin, and 2 more.
src/components/admin/forms/StoryEditorForm.tsx(323,21): error TS2322: Type 'Control<{ title: string; categoryId: string; isFeatured: boolean; ageRangeMin: number; ageRangeMax: number; status: "DRAFT" | "PUBLISHED" | "ARCHIVED"; description?: string | undefined; }, any, TFieldValues>' is not assignable to type 'Control<{ title: string; categoryId: string; isFeatured: boolean; ageRangeMin: number; ageRangeMax: number; status: "DRAFT" | "PUBLISHED" | "ARCHIVED"; description?: string | undefined; }, any, { ...; }>'.
  The types of '_options.resolver' are incompatible between these types.
    Type 'Resolver<{ title: string; categoryId: string; isFeatured: boolean; ageRangeMin: number; ageRangeMax: number; status: "DRAFT" | "PUBLISHED" | "ARCHIVED"; description?: string | undefined; }, any, TFieldValues> | undefined' is not assignable to type 'Resolver<{ title: string; categoryId: string; isFeatured: boolean; ageRangeMin: number; ageRangeMax: number; status: "DRAFT" | "PUBLISHED" | "ARCHIVED"; description?: string | undefined; }, any, { ...; }> | undefined'.
      Type 'Resolver<{ title: string; categoryId: string; isFeatured: boolean; ageRangeMin: number; ageRangeMax: number; status: "DRAFT" | "PUBLISHED" | "ARCHIVED"; description?: string | undefined; }, any, TFieldValues>' is not assignable to type 'Resolver<{ title: string; categoryId: string; isFeatured: boolean; ageRangeMin: number; ageRangeMax: number; status: "DRAFT" | "PUBLISHED" | "ARCHIVED"; description?: string | undefined; }, any, { ...; }>'.
        Type 'ResolverResult<{ title: string; categoryId: string; isFeatured: boolean; ageRangeMin: number; ageRangeMax: number; status: "DRAFT" | "PUBLISHED" | "ARCHIVED"; description?: string | undefined; }, TFieldValues> | Promise<...>' is not assignable to type 'ResolverResult<{ title: string; categoryId: string; isFeatured: boolean; ageRangeMin: number; ageRangeMax: number; status: "DRAFT" | "PUBLISHED" | "ARCHIVED"; description?: string | undefined; }, { ...; }> | Promise<...>'.
          Type 'ResolverSuccess<TFieldValues>' is not assignable to type 'ResolverResult<{ title: string; categoryId: string; isFeatured: boolean; ageRangeMin: number; ageRangeMax: number; status: "DRAFT" | "PUBLISHED" | "ARCHIVED"; description?: string | undefined; }, { ...; }> | Promise<...>'.
            Type 'ResolverSuccess<TFieldValues>' is not assignable to type 'ResolverSuccess<{ title: string; categoryId: string; isFeatured: boolean; ageRangeMin: number; ageRangeMax: number; status: "DRAFT" | "PUBLISHED" | "ARCHIVED"; description?: string | undefined; }>'.
              Type 'TFieldValues' is not assignable to type '{ title: string; categoryId: string; isFeatured: boolean; ageRangeMin: number; ageRangeMax: number; status: "DRAFT" | "PUBLISHED" | "ARCHIVED"; description?: string | undefined; }'.
                Type 'FieldValues' is missing the following properties from type '{ title: string; categoryId: string; isFeatured: boolean; ageRangeMin: number; ageRangeMax: number; status: "DRAFT" | "PUBLISHED" | "ARCHIVED"; description?: string | undefined; }': title, categoryId, isFeatured, ageRangeMin, and 2 more.
